                                       
_|_|_|_| _|                     _|     
_|          _|  _|_|   _|_|_| _|_|_|_| 
_|_|_|   _| _|_|     _|_|       _|     
_|       _| _|           _|_|   _|     
_|       _| _|       _|_|_|       _|_| 
                                       
                                       

                                      
_|_|_|_|_|                     _|     
    _|       _|_|     _|_|_| _|_|_|_| 
    _|     _|_|_|_| _|_|       _|     
    _|     _|           _|_|   _|     
    _|       _|_|_| _|_|_|       _|_| 
                                      
                                      


# _              _   _          
| |            | | | |         
| |__     ___  | | | |   ___   
|  _ \   / _ \ | | | |  / _ \  
| | | | |  __/ | | | | | (_) | 
|_| |_|  \___| |_| |_|  \___/  
                               
                               


#                                   __             _  _      _    _   __ 
 _   ____    _____                 \ \          _| || |_   | |  (_) / / 
/ | |___ \  |___ /         ______   \ \        |_  __  _| / __)    / /  
| |   __) |   |_ \        |______|   > >        _| || |_  \__ \   / /   
| |  / __/   ___) |                 / /        |_  __  _| (   /  / / _  
|_| |_____| |____/                 /_/           |_||_|    |_|  /_/ (_) 
                                                                        
                                                                        


#                                                                                                                  
_|  _|   _|_|_|     _|_|                    _|             _|  _|     _|   _|_|    _|   _|           _|_|_|_|_|   
_|  _|         _| _|    _|                    _|         _|_|_|_|_| _|_|_| _|_|  _|   _|  _|       _|          _| 
_|_|_|_|   _|_|       _|         _|_|_|_|_|     _|         _|  _|   _|_|       _|       _|_|  _| _|    _|_|_|  _| 
    _|         _|   _|                        _|         _|_|_|_|_|   _|_|   _|  _|_| _|    _|   _|  _|    _|  _| 
    _|   _|_|_|   _|_|_|_|                  _|             _|  _|   _|_|_| _|    _|_|   _|_|  _| _|    _|_|_|_|   
                                                                      _|                           _|             
                                                                                                     _|_|_|_|_|_| 


#                                               
_|_|_|_|_| _|                                  
    _|     _|_|_|     _|_|   _|  _|_|   _|_|   
    _|     _|    _| _|_|_|_| _|_|     _|_|_|_| 
    _|     _|    _| _|       _|       _|       
    _|     _|    _|   _|_|_| _|         _|_|_| 
                                               
                                               


#                                    o o         | |               
  0    --  o-o            o         | |  | |   -O-O-      O   o   
 /|   o  o    |            \            -O-O- o | |   o  /   / \  
o |     /   oo              O            | |   -O-O-    /   o O-o 
  |    /      |       o-o  /            -O-O-   | | o  /  o  \    
o-o-o o--o o-o            o              | |   -O-O-  O       o-  
                                                | |               
                                                                  


#                         
 --                      
o  o                     
  /        o  o o-o o  o 
 /         |  | | | |  | 
o--o       o--O o-o o--o 
              |          
           o--o          


# _______                _     _                         _                                                 _                     _     _  
|__   __|              | |   (_)                       | |                                               | |                   | |   | | 
   | |      ___   ___  | |_   _   _ __     __ _        | |   ___    _ __     __ _          ___    _   _  | |_   _ __    _   _  | |_  | | 
   | |     / _ \ / __| | __| | | | '_ \   / _` |       | |  / _ \  | '_ \   / _` |        / _ \  | | | | | __| | '_ \  | | | | | __| | | 
   | |    |  __/ \__ \ \ |_  | | | | | | | (_| |       | | | (_) | | | | | | (_| |       | (_) | | |_| | \ |_  | |_) | | |_| | \ |_  |_| 
   |_|     \___| |___/  \__| |_| |_| |_|  \__, |       |_|  \___/  |_| |_|  \__, |        \___/   \__,_|  \__| | .__/   \__,_|  \__| (_) 
                                           __/ |                             __/ |                             | |                       
                                          |___/                             |___/                              |_|                       


#